// Jest Snapshot v1, https://goo.gl/fbAQLP

exports[`read should be able to READ a valid dokaconfig.config.toml: ValidDokapiConfig 1`] = `
Object {
  "menu": Array [
    Object {
      "path": "introduction",
      "title": "Hello world",
    },
    Object {
      "collapsable": true,
      "path": "products.MD",
    },
  ],
  "title": "MyUnisoft Partners API",
}
`;
